Declaration pour BigCo
  Hamlet: $650.00 (55 seats)

  As You Like It: $580.00 (35 seats)

  Othello: $500.00 (40 seats)

Le montant du est $1,730.00
Vous avez gagne 47 credits